<?xml version="1.0" encoding="utf-8"?>
<!DOCTYPE html PUBLIC "-//W3C//DTD XHTML 1.0 Strict//EN"
"http://www.w3.org/TR/xhtml1/DTD/xhtml1-strict.dtd">
<html xmlns="http://www.w3.org/1999/xhtml" lang="ja" xml:lang="ja">
<head>
<!-- 2025-01-19 日 16:28 -->
<meta http-equiv="Content-Type" content="text/html;charset=utf-8" />
<meta name="viewport" content="width=device-width, initial-scale=1" />
<title>Debian HDD 増設時の設定手順</title>
<meta name="author" content="clothoid" />
<meta name="keywords" content="debian stretch 9 add hdd" />
<meta name="generator" content="Org Mode" />
<style>
  #content { max-width: 60em; margin: auto; }
  .title  { text-align: center;
             margin-bottom: .2em; }
  .subtitle { text-align: center;
              font-size: medium;
              font-weight: bold;
              margin-top:0; }
  .todo   { font-family: monospace; color: red; }
  .done   { font-family: monospace; color: green; }
  .priority { font-family: monospace; color: orange; }
  .tag    { background-color: #eee; font-family: monospace;
            padding: 2px; font-size: 80%; font-weight: normal; }
  .timestamp { color: #bebebe; }
  .timestamp-kwd { color: #5f9ea0; }
  .org-right  { margin-left: auto; margin-right: 0px;  text-align: right; }
  .org-left   { margin-left: 0px;  margin-right: auto; text-align: left; }
  .org-center { margin-left: auto; margin-right: auto; text-align: center; }
  .underline { text-decoration: underline; }
  #postamble p, #preamble p { font-size: 90%; margin: .2em; }
  p.verse { margin-left: 3%; }
  pre {
    border: 1px solid #e6e6e6;
    border-radius: 3px;
    background-color: #f2f2f2;
    padding: 8pt;
    font-family: monospace;
    overflow: auto;
    margin: 1.2em;
  }
  pre.src {
    position: relative;
    overflow: auto;
  }
  pre.src:before {
    display: none;
    position: absolute;
    top: -8px;
    right: 12px;
    padding: 3px;
    color: #555;
    background-color: #f2f2f299;
  }
  pre.src:hover:before { display: inline; margin-top: 14px;}
  /* Languages per Org manual */
  pre.src-asymptote:before { content: 'Asymptote'; }
  pre.src-awk:before { content: 'Awk'; }
  pre.src-authinfo::before { content: 'Authinfo'; }
  pre.src-C:before { content: 'C'; }
  /* pre.src-C++ doesn't work in CSS */
  pre.src-clojure:before { content: 'Clojure'; }
  pre.src-css:before { content: 'CSS'; }
  pre.src-D:before { content: 'D'; }
  pre.src-ditaa:before { content: 'ditaa'; }
  pre.src-dot:before { content: 'Graphviz'; }
  pre.src-calc:before { content: 'Emacs Calc'; }
  pre.src-emacs-lisp:before { content: 'Emacs Lisp'; }
  pre.src-fortran:before { content: 'Fortran'; }
  pre.src-gnuplot:before { content: 'gnuplot'; }
  pre.src-haskell:before { content: 'Haskell'; }
  pre.src-hledger:before { content: 'hledger'; }
  pre.src-java:before { content: 'Java'; }
  pre.src-js:before { content: 'Javascript'; }
  pre.src-latex:before { content: 'LaTeX'; }
  pre.src-ledger:before { content: 'Ledger'; }
  pre.src-lisp:before { content: 'Lisp'; }
  pre.src-lilypond:before { content: 'Lilypond'; }
  pre.src-lua:before { content: 'Lua'; }
  pre.src-matlab:before { content: 'MATLAB'; }
  pre.src-mscgen:before { content: 'Mscgen'; }
  pre.src-ocaml:before { content: 'Objective Caml'; }
  pre.src-octave:before { content: 'Octave'; }
  pre.src-org:before { content: 'Org mode'; }
  pre.src-oz:before { content: 'OZ'; }
  pre.src-plantuml:before { content: 'Plantuml'; }
  pre.src-processing:before { content: 'Processing.js'; }
  pre.src-python:before { content: 'Python'; }
  pre.src-R:before { content: 'R'; }
  pre.src-ruby:before { content: 'Ruby'; }
  pre.src-sass:before { content: 'Sass'; }
  pre.src-scheme:before { content: 'Scheme'; }
  pre.src-screen:before { content: 'Gnu Screen'; }
  pre.src-sed:before { content: 'Sed'; }
  pre.src-sh:before { content: 'shell'; }
  pre.src-sql:before { content: 'SQL'; }
  pre.src-sqlite:before { content: 'SQLite'; }
  /* additional languages in org.el's org-babel-load-languages alist */
  pre.src-forth:before { content: 'Forth'; }
  pre.src-io:before { content: 'IO'; }
  pre.src-J:before { content: 'J'; }
  pre.src-makefile:before { content: 'Makefile'; }
  pre.src-maxima:before { content: 'Maxima'; }
  pre.src-perl:before { content: 'Perl'; }
  pre.src-picolisp:before { content: 'Pico Lisp'; }
  pre.src-scala:before { content: 'Scala'; }
  pre.src-shell:before { content: 'Shell Script'; }
  pre.src-ebnf2ps:before { content: 'ebfn2ps'; }
  /* additional language identifiers per "defun org-babel-execute"
       in ob-*.el */
  pre.src-cpp:before  { content: 'C++'; }
  pre.src-abc:before  { content: 'ABC'; }
  pre.src-coq:before  { content: 'Coq'; }
  pre.src-groovy:before  { content: 'Groovy'; }
  /* additional language identifiers from org-babel-shell-names in
     ob-shell.el: ob-shell is the only babel language using a lambda to put
     the execution function name together. */
  pre.src-bash:before  { content: 'bash'; }
  pre.src-csh:before  { content: 'csh'; }
  pre.src-ash:before  { content: 'ash'; }
  pre.src-dash:before  { content: 'dash'; }
  pre.src-ksh:before  { content: 'ksh'; }
  pre.src-mksh:before  { content: 'mksh'; }
  pre.src-posh:before  { content: 'posh'; }
  /* Additional Emacs modes also supported by the LaTeX listings package */
  pre.src-ada:before { content: 'Ada'; }
  pre.src-asm:before { content: 'Assembler'; }
  pre.src-caml:before { content: 'Caml'; }
  pre.src-delphi:before { content: 'Delphi'; }
  pre.src-html:before { content: 'HTML'; }
  pre.src-idl:before { content: 'IDL'; }
  pre.src-mercury:before { content: 'Mercury'; }
  pre.src-metapost:before { content: 'MetaPost'; }
  pre.src-modula-2:before { content: 'Modula-2'; }
  pre.src-pascal:before { content: 'Pascal'; }
  pre.src-ps:before { content: 'PostScript'; }
  pre.src-prolog:before { content: 'Prolog'; }
  pre.src-simula:before { content: 'Simula'; }
  pre.src-tcl:before { content: 'tcl'; }
  pre.src-tex:before { content: 'TeX'; }
  pre.src-plain-tex:before { content: 'Plain TeX'; }
  pre.src-verilog:before { content: 'Verilog'; }
  pre.src-vhdl:before { content: 'VHDL'; }
  pre.src-xml:before { content: 'XML'; }
  pre.src-nxml:before { content: 'XML'; }
  /* add a generic configuration mode; LaTeX export needs an additional
     (add-to-list 'org-latex-listings-langs '(conf " ")) in .emacs */
  pre.src-conf:before { content: 'Configuration File'; }

  table { border-collapse:collapse; }
  caption.t-above { caption-side: top; }
  caption.t-bottom { caption-side: bottom; }
  td, th { vertical-align:top;  }
  th.org-right  { text-align: center;  }
  th.org-left   { text-align: center;   }
  th.org-center { text-align: center; }
  td.org-right  { text-align: right;  }
  td.org-left   { text-align: left;   }
  td.org-center { text-align: center; }
  dt { font-weight: bold; }
  .footpara { display: inline; }
  .footdef  { margin-bottom: 1em; }
  .figure { padding: 1em; }
  .figure p { text-align: center; }
  .equation-container {
    display: table;
    text-align: center;
    width: 100%;
  }
  .equation {
    vertical-align: middle;
  }
  .equation-label {
    display: table-cell;
    text-align: right;
    vertical-align: middle;
  }
  .inlinetask {
    padding: 10px;
    border: 2px solid gray;
    margin: 10px;
    background: #ffffcc;
  }
  #org-div-home-and-up
   { text-align: right; font-size: 70%; white-space: nowrap; }
  textarea { overflow-x: auto; }
  .linenr { font-size: smaller }
  .code-highlighted { background-color: #ffff00; }
  .org-info-js_info-navigation { border-style: none; }
  #org-info-js_console-label
    { font-size: 10px; font-weight: bold; white-space: nowrap; }
  .org-info-js_search-highlight
    { background-color: #ffff00; color: #000000; font-weight: bold; }
  .org-svg { }
</style>
<script async src="https://pagead2.googlesyndication.com/pagead/js/adsbygoogle.js?client=ca-pub-6390292679676181" crossorigin="anonymous"></script>
</head>
<body>
<div id="org-div-home-and-up">
 <a accesskey="h" href="https://clothoid.github.io/sitemap.html"> UP </a>
 |
 <a accesskey="H" href="https://clothoid.github.io/"> HOME </a>
</div><div id="content" class="content">
<h1 class="title">Debian HDD 増設時の設定手順</h1>
<div id="table-of-contents" role="doc-toc">
<h2>&#30446;&#27425;</h2>
<div id="text-table-of-contents" role="doc-toc">
<ul>
<li><a href="#org60cdc02">1. 手順</a>
<ul>
<li><a href="#org6cbdc3c">1.1. HDD が認識されているか確認</a></li>
<li><a href="#orgb190e80">1.2. パーティションの作成</a></li>
<li><a href="#org9ae6465">1.3. ファイルシステムの作成</a></li>
<li><a href="#orgbb44887">1.4. マウント</a></li>
<li><a href="#org3242540">1.5. 自動マウント設定</a></li>
<li><a href="#org0e083b7">1.6. 自分のものにする</a></li>
</ul>
</li>
<li><a href="#org090a2d8">2. 環境</a></li>
<li><a href="#org1166ead">3. 参考</a></li>
</ul>
</div>
</div>

<div id="outline-container-org60cdc02" class="outline-2">
<h2 id="org60cdc02"><span class="section-number-2">1.</span> 手順</h2>
<div class="outline-text-2" id="text-1">
</div>
<div id="outline-container-org6cbdc3c" class="outline-3">
<h3 id="org6cbdc3c"><span class="section-number-3">1.1.</span> HDD が認識されているか確認</h3>
<div class="outline-text-3" id="text-1-1">
<div class="org-src-container">
<pre class="src src-sh">clothoid@silverstone:~$ sudo fdisk -l
Disk /dev/sda: 119.2 GiB, 128035676160 bytes, 250069680 sectors
Units: sectors of 1 * 512 = 512 bytes
Sector size (logical/physical): 512 bytes / 512 bytes
I/O size (minimum/optimal): 512 bytes / 512 bytes
Disklabel type: gpt
Disk identifier: 717F68DA-1EA0-4675-BC19-5E9CCB19C147

Device       Start       End   Sectors   Size Type
/dev/sda1     2048   1050623   1048576   512M EFI System
/dev/sda2  1050624   1550335    499712   244M Linux filesystem
/dev/sda3  1550336 250068991 248518656 118.5G Linux LVM


Disk /dev/sdb: 465.8 GiB, 500107862016 bytes, 976773168 sectors
Units: sectors of 1 * 512 = 512 bytes
Sector size (logical/physical): 512 bytes / 512 bytes
I/O size (minimum/optimal): 512 bytes / 512 bytes


Disk /dev/sdc: 1.8 TiB, 2000398934016 bytes, 3907029168 sectors
Units: sectors of 1 * 512 = 512 bytes
Sector size (logical/physical): 512 bytes / 4096 bytes
I/O size (minimum/optimal): 4096 bytes / 4096 bytes




Disk /dev/mapper/silverstone--vg-root: 114.6 GiB, 123086045184 bytes, 240402432 sectors
Units: sectors of 1 * 512 = 512 bytes
Sector size (logical/physical): 512 bytes / 512 bytes
I/O size (minimum/optimal): 512 bytes / 512 bytes


Disk /dev/mapper/silverstone--vg-swap_1: 3.9 GiB, 4152360960 bytes, 8110080 sectors
Units: sectors of 1 * 512 = 512 bytes
Sector size (logical/physical): 512 bytes / 512 bytes
I/O size (minimum/optimal): 512 bytes / 512 bytes
</pre>
</div>

<p>
今回は 2TB の HDD を増設したので、Disk /dev/sdc だと推測して、以下を実行
</p>

<div class="org-src-container">
<pre class="src src-sh">clothoid@silverstone:~$ sudo hdparm -i /dev/sdc

/dev/sdc:

 Model=WDC WD20EZAZ-00GGJB0, FwRev=80.00A80, SerialNo=WD-WX82A305HTN1
 Config={ HardSect NotMFM HdSw&gt;15uSec SpinMotCtl Fixed DTR&gt;5Mbs FmtGapReq }
 RawCHS=16383/16/63, TrkSize=0, SectSize=0, ECCbytes=0
 BuffType=unknown, BuffSize=unknown, MaxMultSect=16, MultSect=16
 (maybe): CurCHS=16383/16/63, CurSects=16514064, LBA=yes, LBAsects=3907029168
 IORDY=on/off, tPIO={min:120,w/IORDY:120}, tDMA={min:120,rec:120}
 PIO modes:  pio0 pio3 pio4 
 DMA modes:  mdma0 mdma1 mdma2 
 UDMA modes: udma0 udma1 udma2 udma3 udma4 udma5 *udma6 
 AdvancedPM=no WriteCache=enabled
 Drive conforms to: unknown:  ATA/ATAPI-1,2,3,4,5,6,7

 * signifies the current active mode
</pre>
</div>

<p>
Model から増設したHDDを同定。
</p>
</div>
</div>

<div id="outline-container-orgb190e80" class="outline-3">
<h3 id="orgb190e80"><span class="section-number-3">1.2.</span> パーティションの作成</h3>
<div class="outline-text-3" id="text-1-2">
<div class="org-src-container">
<pre class="src src-sh">clothoid@silverstone:~$ sudo fdisk /dev/sdc

Welcome to fdisk (util-linux 2.29.2).
Changes will remain in memory only, until you decide to write them.
Be careful before using the write command.

Device does not contain a recognized partition table.
Created a new DOS disklabel with disk identifier 0x5f388f93.

Command (m for help): m

Help:

  DOS (MBR)
   a   toggle a bootable flag
   b   edit nested BSD disklabel
   c   toggle the dos compatibility flag

  Generic
   d   delete a partition
   F   list free unpartitioned space
   l   list known partition types
   n   add a new partition
   p   print the partition table
   t   change a partition type
   v   verify the partition table
   i   print information about a partition

  Misc
   m   print this menu
   u   change display/entry units
   x   extra functionality (experts only)

  Script
   I   load disk layout from sfdisk script file
   O   dump disk layout to sfdisk script file

  Save &amp; Exit
   w   write table to disk and exit
   q   quit without saving changes

  Create a new label
   g   create a new empty GPT partition table
   G   create a new empty SGI (IRIX) partition table
   o   create a new empty DOS partition table
   s   create a new empty Sun partition table


Command (m for help): n
Partition type
   p   primary (0 primary, 0 extended, 4 free)
   e   extended (container for logical partitions)
Select (default p): p
Partition number (1-4, default 1): 1
First sector (2048-3907029167, default 2048): 
Last sector, +sectors or +size{K,M,G,T,P} (2048-3907029167, default 3907029167): 

Created a new partition 1 of type 'Linux' and of size 1.8 TiB.

Command (m for help): p
Disk /dev/sdc: 1.8 TiB, 2000398934016 bytes, 3907029168 sectors
Units: sectors of 1 * 512 = 512 bytes
Sector size (logical/physical): 512 bytes / 4096 bytes
I/O size (minimum/optimal): 4096 bytes / 4096 bytes
Disklabel type: dos
Disk identifier: 0x5f388f93

Device     Boot Start        End    Sectors  Size Id Type
/dev/sdc1        2048 3907029167 3907027120  1.8T 83 Linux

Command (m for help): w
The partition table has been altered.
Calling ioctl() to re-read partition table.
Syncing disks.
</pre>
</div>

<p>
確認するために、
</p>

<div class="org-src-container">
<pre class="src src-sh">lothoid@silverstone:~$ sudo fdisk -l
Disk /dev/sda: 119.2 GiB, 128035676160 bytes, 250069680 sectors
Units: sectors of 1 * 512 = 512 bytes
Sector size (logical/physical): 512 bytes / 512 bytes
I/O size (minimum/optimal): 512 bytes / 512 bytes
Disklabel type: gpt
Disk identifier: 717F68DA-1EA0-4675-BC19-5E9CCB19C147

Device       Start       End   Sectors   Size Type
/dev/sda1     2048   1050623   1048576   512M EFI System
/dev/sda2  1050624   1550335    499712   244M Linux filesystem
/dev/sda3  1550336 250068991 248518656 118.5G Linux LVM


Disk /dev/sdb: 465.8 GiB, 500107862016 bytes, 976773168 sectors
Units: sectors of 1 * 512 = 512 bytes
Sector size (logical/physical): 512 bytes / 512 bytes
I/O size (minimum/optimal): 512 bytes / 512 bytes


Disk /dev/sdc: 1.8 TiB, 2000398934016 bytes, 3907029168 sectors
Units: sectors of 1 * 512 = 512 bytes
Sector size (logical/physical): 512 bytes / 4096 bytes
I/O size (minimum/optimal): 4096 bytes / 4096 bytes
Disklabel type: dos
Disk identifier: 0x5f388f93

Device     Boot Start        End    Sectors  Size Id Type
/dev/sdc1        2048 3907029167 3907027120  1.8T 83 Linux




Disk /dev/mapper/silverstone--vg-root: 114.6 GiB, 123086045184 bytes, 240402432 sectors
Units: sectors of 1 * 512 = 512 bytes
Sector size (logical/physical): 512 bytes / 512 bytes
I/O size (minimum/optimal): 512 bytes / 512 bytes


Disk /dev/mapper/silverstone--vg-swap_1: 3.9 GiB, 4152360960 bytes, 8110080 sectors
Units: sectors of 1 * 512 = 512 bytes
Sector size (logical/physical): 512 bytes / 512 bytes
I/O size (minimum/optimal): 512 bytes / 512 bytes
</pre>
</div>

<p>
をして、以下を確認。
</p>

<pre class="example" id="org6edde89">
Device     Boot Start        End    Sectors  Size Id Type
/dev/sdc1        2048 3907029167 3907027120  1.8T 83 Linux
</pre>
</div>
</div>

<div id="outline-container-org9ae6465" class="outline-3">
<h3 id="org9ae6465"><span class="section-number-3">1.3.</span> ファイルシステムの作成</h3>
<div class="outline-text-3" id="text-1-3">
<div class="org-src-container">
<pre class="src src-sh">clothoid@silverstone:~$ sudo mkfs -t ext4 /dev/sdc1
mke2fs 1.43.4 (31-Jan-2017)
Discarding device blocks: done                            
Creating filesystem with 488378390 4k blocks and 122101760 inodes
Filesystem UUID: ca684648-42c1-4002-b7c0-d1e818da96f1
Superblock backups stored on blocks: 
    32768, 98304, 163840, 229376, 294912, 819200, 884736, 1605632, 2654208, 
    4096000, 7962624, 11239424, 2048../0000, 23887872, 71663616, 78675968, 
    1024../00000, 214990848

Allocating group tables: done                            
Writing inode tables: done                            
Creating journal (262144 blocks): done
Writing superblocks and filesystem accounting information: done       
</pre>
</div>
</div>
</div>

<div id="outline-container-orgbb44887" class="outline-3">
<h3 id="orgbb44887"><span class="section-number-3">1.4.</span> マウント</h3>
<div class="outline-text-3" id="text-1-4">
<p>
現状を確認。
</p>

<div class="org-src-container">
<pre class="src src-sh">clothoid@silverstone:~$ df -H
Filesystem                        Size  Used Avail Use% Mounted on
udev                              7.3G     0  7.3G   0% /dev
tmpfs                             1.5G  9.8M  1.5G   1% /run
/dev/mapper/silverstone--vg-root  121G  106G  8.6G  93% /
tmpfs                             7.3G  216M  7.1G   3% /dev/shm
tmpfs                             5.3M  4.1k  5.3M   1% /run/lock
tmpfs                             7.3G     0  7.3G   0% /sys/fs/cgroup
/dev/sda2                         248M   75M  161M  32% /boot
/dev/sda1                         536M  136k  536M   1% /boot/efi
/dev/sdb                          493G  226G  242G  49% /500g
tmpfs                             1.5G  4.1k  1.5G   1% /run/user/110
tmpfs                             1.5G   17k  1.5G   1% /run/user/1000
</pre>
</div>

<p>
マウントポイントを作成。
</p>

<div class="org-src-container">
<pre class="src src-sh">sudo mkdir /2000g
</pre>
</div>

<p>
マウント。
</p>

<div class="org-src-container">
<pre class="src src-sh">sudo mount /dev/sdc1 /2000g
</pre>
</div>

<p>
再度状況を確認。
</p>

<div class="org-src-container">
<pre class="src src-sh">clothoid@silverstone:~$ sudo df -H
Filesystem                        Size  Used Avail Use% Mounted on
udev                              7.3G     0  7.3G   0% /dev
tmpfs                             1.5G  9.8M  1.5G   1% /run
/dev/mapper/silverstone--vg-root  121G  106G  8.6G  93% /
tmpfs                             7.3G  216M  7.1G   3% /dev/shm
tmpfs                             5.3M  4.1k  5.3M   1% /run/lock
tmpfs                             7.3G     0  7.3G   0% /sys/fs/cgroup
/dev/sda2                         248M   75M  161M  32% /boot
/dev/sda1                         536M  136k  536M   1% /boot/efi
/dev/sdb                          493G  226G  242G  49% /500g
tmpfs                             1.5G  4.1k  1.5G   1% /run/user/110
tmpfs                             1.5G   17k  1.5G   1% /run/user/1000
/dev/sdc1                         2.0T   80M  1.9T   1% /2000g
</pre>
</div>
</div>
</div>

<div id="outline-container-org3242540" class="outline-3">
<h3 id="org3242540"><span class="section-number-3">1.5.</span> 自動マウント設定</h3>
<div class="outline-text-3" id="text-1-5">
<p>
UUIDの確認
</p>

<div class="org-src-container">
<pre class="src src-sh">clothoid@silverstone:~$ sudo blkid /dev/sdc1
/dev/sdc1: UUID="ca684648-42c1-4002-b7c0-d1e818da96f1" TYPE="ext4" PARTUUID="5f388f93-01"
</pre>
</div>

<p>
fstab に追記。
</p>
<pre class="example" id="org7801c59">
# /etc/fstab: static file system information.
#
# Use 'blkid' to print the universally unique identifier for a
# device; this may be used with UUID= as a more robust way to name devices
# that works even if disks are added and removed. See fstab(5).
#
# &lt;file system&gt; &lt;mount point&gt;   &lt;type&gt;  &lt;options&gt;       &lt;dump&gt;  &lt;pass&gt;
/dev/mapper/silverstone--vg-root /               ext4    errors=remount-ro 0       1
# /boot was on /dev/sda2 during installation
UUID=aa4a4e86-6349-4206-97a8-c25b3979c5b4 /boot           ext2    defaults        0       2
# /boot/efi was on /dev/sda1 during installation
UUID=CF84-E179  /boot/efi       vfat    umask=0077      0       1
/dev/mapper/silverstone--vg-swap_1 none            swap    sw              0       0
/dev/sr0        /media/cdrom0   udf,iso9660 user,noauto     0       0
/dev/sdb /500g ext4 defaults,noatime,errors=remount-ro 0 1
# /dev/sdc /320g ext4 defaults,noatime,errors=remount-ro 0 1
UUID=ca684648-42c1-4002-b7c0-d1e818da96f1 /2000g               ext4    defaults        1 2
</pre>

<p>
再起動して確認。
</p>
</div>
</div>

<div id="outline-container-org0e083b7" class="outline-3">
<h3 id="org0e083b7"><span class="section-number-3">1.6.</span> 自分のものにする</h3>
<div class="outline-text-3" id="text-1-6">
<div class="org-src-container">
<pre class="src src-sh">clothoid@silverstone:~$ ll / |more
total 113
drwxr-xr-x   3 root     root      4096 Jun 20 11:45 2000g
drwxrwxrwx   6 root     root      4096 Jun 18 06:18 320g
drwxrwxrwx  16 clothoid clothoid  4096 Apr 11 16:03 500g
drwxr-xr-x   2 root     root      4096 Apr 11 15:00 bin
drwxr-xr-x   5 root     root      1024 Jun 13 06:29 boot
drwxr-xr-x  21 root     root      3560 Jun 20 11:53 dev
drwxr-xr-x 151 root     root     12288 Jun 20 11:51 etc
drwxr-xr-x   4 root     root      4096 Aug 18  2018 home
clothoid@silverstone:~$ sudo chown clothoid /2000g
clothoid@silverstone:~$ sudo chgrp clothoid /2000g
clothoid@silverstone:~$ ls -l / |more
total 113
drwxr-xr-x   3 clothoid clothoid  4096 Jun 20 11:45 2000g
drwxrwxrwx   6 root     root      4096 Jun 18 06:18 320g
drwxrwxrwx  16 clothoid clothoid  4096 Apr 11 16:03 500g
drwxr-xr-x   2 root     root      4096 Apr 11 15:00 bin
</pre>
</div>
</div>
</div>
</div>

<div id="outline-container-org090a2d8" class="outline-2">
<h2 id="org090a2d8"><span class="section-number-2">2.</span> 環境</h2>
<div class="outline-text-2" id="text-2">
<div class="org-src-container">
<pre class="src src-sh">clothoid@silverstone:~$ lsb_release -a
No LSB modules are available.
Distributor ID:	Debian
Description:	Debian GNU/Linux 9.12 (stretch)
Release:	9.12
Codename:	stretch
</pre>
</div>
</div>
</div>

<div id="outline-container-org1166ead" class="outline-2">
<h2 id="org1166ead"><span class="section-number-2">3.</span> 参考</h2>
<div class="outline-text-2" id="text-3">
<ul class="org-ul">
<li><a href="https://qiita.com/bwtakacy/items/c181f661e8655c42d85a">https://qiita.com/bwtakacy/items/c181f661e8655c42d85a</a></li>
</ul>
</div>
</div>
</div>
<div id="postamble" class="status">
<p class="author">&#33879;&#32773;: clothoid</p>
<p class="date">Created: 2025-01-19 日 16:28</p>
<p class="validation"><a href="https://validator.w3.org/check?uri=referer">Validate</a></p>
</div>
</body>
</html>
